Wiedenhoefer-Efficiency @ 1  keV =  5.3(61)e-5
Wiedenhoefer-Efficiency @ 101  keV =  8.0(34)e-3
Wiedenhoefer-Efficiency @ 201  keV =  0.380(46)
Wiedenhoefer-Efficiency @ 301  keV =  1.086(73)
Wiedenhoefer-Efficiency @ 401  keV =  1.127(78)
Wiedenhoefer-Efficiency @ 501  keV =  1.065(67)
Wiedenhoefer-Efficiency @ 601  keV =  1.002(56)
Wiedenhoefer-Efficiency @ 701  keV =  0.945(47)
Wiedenhoefer-Efficiency @ 801  keV =  0.892(40)
Wiedenhoefer-Efficiency @ 901  keV =  0.843(34)
Wiedenhoefer-Efficiency @ 1001  keV =  0.799(29)
Wiedenhoefer-Efficiency @ 1101  keV =  0.758(24)
Wiedenhoefer-Efficiency @ 1201  keV =  0.720(21)
Wiedenhoefer-Efficiency @ 1301  keV =  0.685(18)
Wiedenhoefer-Efficiency @ 1401  keV =  0.652(15)
Wiedenhoefer-Efficiency @ 1501  keV =  0.622(13)
Wiedenhoefer-Efficiency @ 1601  keV =  0.594(11)
Wiedenhoefer-Efficiency @ 1701  keV =  0.567(10)
Wiedenhoefer-Efficiency @ 1801  keV =  0.5428(89)
Wiedenhoefer-Efficiency @ 1901  keV =  0.5198(79)
Wiedenhoefer-Efficiency @ 2001  keV =  0.4983(72)
Wiedenhoefer-Efficiency @ 2101  keV =  0.4781(66)
Wiedenhoefer-Efficiency @ 2201  keV =  0.4591(61)
Wiedenhoefer-Efficiency @ 2301  keV =  0.4412(57)
Wiedenhoefer-Efficiency @ 2401  keV =  0.4244(54)
Wiedenhoefer-Efficiency @ 2501  keV =  0.4086(52)
Wiedenhoefer-Efficiency @ 2601  keV =  0.3936(50)
Wiedenhoefer-Efficiency @ 2701  keV =  0.3794(48)
Wiedenhoefer-Efficiency @ 2801  keV =  0.3660(47)
Wiedenhoefer-Efficiency @ 2901  keV =  0.3534(46)
Wiedenhoefer-Efficiency @ 3001  keV =  0.3413(46)
Wiedenhoefer-Efficiency @ 3101  keV =  0.3299(46)
Wiedenhoefer-Efficiency @ 3201  keV =  0.3191(45)
Wiedenhoefer-Efficiency @ 3301  keV =  0.3088(45)
Wiedenhoefer-Efficiency @ 3401  keV =  0.2989(46)
Wiedenhoefer-Efficiency @ 3501  keV =  0.2896(46)
Wiedenhoefer-Efficiency @ 3601  keV =  0.2807(46)
Wiedenhoefer-Efficiency @ 3701  keV =  0.2722(47)
Wiedenhoefer-Efficiency @ 3801  keV =  0.2641(47)
Wiedenhoefer-Efficiency @ 3901  keV =  0.2563(48)
Wiedenhoefer-Efficiency @ 4001  keV =  0.2489(49)
Wiedenhoefer-Efficiency @ 4101  keV =  0.2418(49)
Wiedenhoefer-Efficiency @ 4201  keV =  0.2350(50)
Wiedenhoefer-Efficiency @ 4301  keV =  0.2285(51)
Wiedenhoefer-Efficiency @ 4401  keV =  0.2223(52)
Wiedenhoefer-Efficiency @ 4501  keV =  0.2163(53)
Wiedenhoefer-Efficiency @ 4601  keV =  0.2106(53)
Wiedenhoefer-Efficiency @ 4701  keV =  0.2051(54)
Wiedenhoefer-Efficiency @ 4801  keV =  0.1998(55)
Wiedenhoefer-Efficiency @ 4901  keV =  0.1947(56)
Wiedenhoefer-Efficiency @ 5001  keV =  0.1898(57)
Wiedenhoefer-Efficiency @ 5101  keV =  0.1851(58)
Wiedenhoefer-Efficiency @ 5201  keV =  0.1806(58)
Wiedenhoefer-Efficiency @ 5301  keV =  0.1762(59)
Wiedenhoefer-Efficiency @ 5401  keV =  0.1720(60)
Wiedenhoefer-Efficiency @ 5501  keV =  0.1680(61)
Wiedenhoefer-Efficiency @ 5601  keV =  0.1641(61)
Wiedenhoefer-Efficiency @ 5701  keV =  0.1603(62)
Wiedenhoefer-Efficiency @ 5801  keV =  0.1566(63)
Wiedenhoefer-Efficiency @ 5901  keV =  0.1531(63)
Wiedenhoefer-Efficiency @ 6001  keV =  0.1497(64)
Wiedenhoefer-Efficiency @ 6101  keV =  0.1464(65)
Wiedenhoefer-Efficiency @ 6201  keV =  0.1433(65)
Wiedenhoefer-Efficiency @ 6301  keV =  0.1402(66)
Wiedenhoefer-Efficiency @ 6401  keV =  0.1372(66)
Wiedenhoefer-Efficiency @ 6501  keV =  0.1343(67)
Wiedenhoefer-Efficiency @ 6601  keV =  0.1316(67)
Wiedenhoefer-Efficiency @ 6701  keV =  0.1289(68)
Wiedenhoefer-Efficiency @ 6801  keV =  0.1262(68)
Wiedenhoefer-Efficiency @ 6901  keV =  0.1237(68)
Wiedenhoefer-Efficiency @ 7001  keV =  0.1212(69)
Wiedenhoefer-Efficiency @ 7101  keV =  0.1188(69)
Wiedenhoefer-Efficiency @ 7201  keV =  0.1165(70)
Wiedenhoefer-Efficiency @ 7301  keV =  0.1143(70)
Wiedenhoefer-Efficiency @ 7401  keV =  0.1121(70)
Wiedenhoefer-Efficiency @ 7501  keV =  0.1100(70)
Wiedenhoefer-Efficiency @ 7601  keV =  0.1079(71)
Wiedenhoefer-Efficiency @ 7701  keV =  0.1059(71)
Wiedenhoefer-Efficiency @ 7801  keV =  0.1040(71)
Wiedenhoefer-Efficiency @ 7901  keV =  0.1021(71)
Wiedenhoefer-Efficiency @ 8001  keV =  0.1002(71)
Wiedenhoefer-Efficiency @ 8101  keV =  9.85(72)e-2
Wiedenhoefer-Efficiency @ 8201  keV =  9.67(72)e-2
Wiedenhoefer-Efficiency @ 8301  keV =  9.50(72)e-2
Wiedenhoefer-Efficiency @ 8401  keV =  9.34(72)e-2
Wiedenhoefer-Efficiency @ 8501  keV =  9.18(72)e-2
Wiedenhoefer-Efficiency @ 8601  keV =  9.02(72)e-2
Wiedenhoefer-Efficiency @ 8701  keV =  8.87(72)e-2
Wiedenhoefer-Efficiency @ 8801  keV =  8.72(72)e-2
Wiedenhoefer-Efficiency @ 8901  keV =  8.57(72)e-2
Wiedenhoefer-Efficiency @ 9001  keV =  8.43(72)e-2
Wiedenhoefer-Efficiency @ 9101  keV =  8.29(72)e-2
Wiedenhoefer-Efficiency @ 9201  keV =  8.16(72)e-2
Wiedenhoefer-Efficiency @ 9301  keV =  8.03(72)e-2
Wiedenhoefer-Efficiency @ 9401  keV =  7.90(72)e-2
Wiedenhoefer-Efficiency @ 9501  keV =  7.78(72)e-2
Wiedenhoefer-Efficiency @ 9601  keV =  7.65(72)e-2
Wiedenhoefer-Efficiency @ 9701  keV =  7.54(72)e-2
Wiedenhoefer-Efficiency @ 9801  keV =  7.42(72)e-2
Wiedenhoefer-Efficiency @ 9901  keV =  7.31(72)e-2
