Wunder-Efficiency @ 1  keV =  5.742381(0)e-284
Wunder-Efficiency @ 101  keV =  3.45(12)e-2
Wunder-Efficiency @ 201  keV =  0.4328(58)
Wunder-Efficiency @ 301  keV =  0.8325(65)
Wunder-Efficiency @ 401  keV =  1.0465(72)
Wunder-Efficiency @ 501  keV =  1.1295(84)
Wunder-Efficiency @ 601  keV =  1.1401(93)
Wunder-Efficiency @ 701  keV =  1.1135(97)
Wunder-Efficiency @ 801  keV =  1.0693(98)
Wunder-Efficiency @ 901  keV =  1.0178(96)
Wunder-Efficiency @ 1001  keV =  0.9644(95)
Wunder-Efficiency @ 1101  keV =  0.9121(95)
Wunder-Efficiency @ 1201  keV =  0.8623(97)
Wunder-Efficiency @ 1301  keV =  0.816(10)
Wunder-Efficiency @ 1401  keV =  0.772(11)
Wunder-Efficiency @ 1501  keV =  0.732(12)
Wunder-Efficiency @ 1601  keV =  0.695(13)
Wunder-Efficiency @ 1701  keV =  0.661(14)
Wunder-Efficiency @ 1801  keV =  0.630(15)
Wunder-Efficiency @ 1901  keV =  0.601(16)
Wunder-Efficiency @ 2001  keV =  0.574(17)
Wunder-Efficiency @ 2101  keV =  0.550(18)
Wunder-Efficiency @ 2201  keV =  0.527(19)
Wunder-Efficiency @ 2301  keV =  0.505(19)
Wunder-Efficiency @ 2401  keV =  0.486(20)
Wunder-Efficiency @ 2501  keV =  0.467(20)
Wunder-Efficiency @ 2601  keV =  0.450(21)
Wunder-Efficiency @ 2701  keV =  0.434(21)
Wunder-Efficiency @ 2801  keV =  0.418(21)
Wunder-Efficiency @ 2901  keV =  0.404(22)
Wunder-Efficiency @ 3001  keV =  0.390(22)
Wunder-Efficiency @ 3101  keV =  0.377(22)
Wunder-Efficiency @ 3201  keV =  0.365(22)
Wunder-Efficiency @ 3301  keV =  0.354(21)
Wunder-Efficiency @ 3401  keV =  0.343(21)
Wunder-Efficiency @ 3501  keV =  0.332(21)
Wunder-Efficiency @ 3601  keV =  0.322(21)
Wunder-Efficiency @ 3701  keV =  0.313(20)
Wunder-Efficiency @ 3801  keV =  0.304(20)
Wunder-Efficiency @ 3901  keV =  0.295(19)
Wunder-Efficiency @ 4001  keV =  0.286(19)
Wunder-Efficiency @ 4101  keV =  0.278(19)
Wunder-Efficiency @ 4201  keV =  0.270(18)
Wunder-Efficiency @ 4301  keV =  0.263(17)
Wunder-Efficiency @ 4401  keV =  0.255(17)
Wunder-Efficiency @ 4501  keV =  0.248(16)
Wunder-Efficiency @ 4601  keV =  0.242(16)
Wunder-Efficiency @ 4701  keV =  0.235(15)
Wunder-Efficiency @ 4801  keV =  0.229(15)
Wunder-Efficiency @ 4901  keV =  0.223(14)
Wunder-Efficiency @ 5001  keV =  0.217(13)
Wunder-Efficiency @ 5101  keV =  0.211(13)
Wunder-Efficiency @ 5201  keV =  0.205(12)
Wunder-Efficiency @ 5301  keV =  0.200(12)
Wunder-Efficiency @ 5401  keV =  0.194(11)
Wunder-Efficiency @ 5501  keV =  0.189(10)
Wunder-Efficiency @ 5601  keV =  0.1842(98)
Wunder-Efficiency @ 5701  keV =  0.1793(92)
Wunder-Efficiency @ 5801  keV =  0.1745(87)
Wunder-Efficiency @ 5901  keV =  0.1699(81)
Wunder-Efficiency @ 6001  keV =  0.1654(76)
Wunder-Efficiency @ 6101  keV =  0.1610(71)
Wunder-Efficiency @ 6201  keV =  0.1568(65)
Wunder-Efficiency @ 6301  keV =  0.1526(60)
Wunder-Efficiency @ 6401  keV =  0.1486(55)
Wunder-Efficiency @ 6501  keV =  0.1446(51)
Wunder-Efficiency @ 6601  keV =  0.1408(46)
Wunder-Efficiency @ 6701  keV =  0.1370(42)
Wunder-Efficiency @ 6801  keV =  0.1334(38)
Wunder-Efficiency @ 6901  keV =  0.1298(34)
Wunder-Efficiency @ 7001  keV =  0.1263(30)
Wunder-Efficiency @ 7101  keV =  0.1230(27)
Wunder-Efficiency @ 7201  keV =  0.1197(23)
Wunder-Efficiency @ 7301  keV =  0.1164(21)
Wunder-Efficiency @ 7401  keV =  0.1133(18)
Wunder-Efficiency @ 7501  keV =  0.1103(17)
Wunder-Efficiency @ 7601  keV =  0.1073(16)
Wunder-Efficiency @ 7701  keV =  0.1044(16)
Wunder-Efficiency @ 7801  keV =  0.1016(16)
Wunder-Efficiency @ 7901  keV =  9.88(17)e-2
Wunder-Efficiency @ 8001  keV =  9.61(18)e-2
Wunder-Efficiency @ 8101  keV =  9.35(20)e-2
Wunder-Efficiency @ 8201  keV =  9.09(22)e-2
Wunder-Efficiency @ 8301  keV =  8.84(23)e-2
Wunder-Efficiency @ 8401  keV =  8.60(25)e-2
Wunder-Efficiency @ 8501  keV =  8.37(27)e-2
Wunder-Efficiency @ 8601  keV =  8.13(29)e-2
Wunder-Efficiency @ 8701  keV =  7.91(30)e-2
Wunder-Efficiency @ 8801  keV =  7.69(32)e-2
Wunder-Efficiency @ 8901  keV =  7.48(34)e-2
Wunder-Efficiency @ 9001  keV =  7.27(35)e-2
Wunder-Efficiency @ 9101  keV =  7.07(37)e-2
Wunder-Efficiency @ 9201  keV =  6.87(38)e-2
Wunder-Efficiency @ 9301  keV =  6.68(39)e-2
Wunder-Efficiency @ 9401  keV =  6.49(41)e-2
Wunder-Efficiency @ 9501  keV =  6.31(42)e-2
Wunder-Efficiency @ 9601  keV =  6.13(43)e-2
Wunder-Efficiency @ 9701  keV =  5.96(44)e-2
Wunder-Efficiency @ 9801  keV =  5.79(45)e-2
Wunder-Efficiency @ 9901  keV =  5.63(45)e-2
